###############################################################################
#
# IAR ELF Linker V8.32.2.178/W32 for ARM                  22/Feb/2024  23:15:22
# Copyright 2007-2018 IAR Systems AB.
#
#    Output file  =  
#        D:\work_arm_project\LedProject\LedProject\EWARM\LedProject\Exe\LedProject.out
#    Map file     =  
#        D:\work_arm_project\LedProject\LedProject\EWARM\LedProject\List\LedProject.map
#    Command line =  
#        -f C:\Users\Alex\AppData\Local\Temp\EWDB49.tmp
#        (D:\work_arm_project\LedProject\LedProject\EWARM\LedProject\Obj\main.o
#        D:\work_arm_project\LedProject\LedProject\EWARM\LedProject\Obj\startup_stm32l562xx.o
#        D:\work_arm_project\LedProject\LedProject\EWARM\LedProject\Obj\stm32l5xx_hal.o
#        D:\work_arm_project\LedProject\LedProject\EWARM\LedProject\Obj\stm32l5xx_hal_cortex.o
#        D:\work_arm_project\LedProject\LedProject\EWARM\LedProject\Obj\stm32l5xx_hal_dma.o
#        D:\work_arm_project\LedProject\LedProject\EWARM\LedProject\Obj\stm32l5xx_hal_dma_ex.o
#        D:\work_arm_project\LedProject\LedProject\EWARM\LedProject\Obj\stm32l5xx_hal_exti.o
#        D:\work_arm_project\LedProject\LedProject\EWARM\LedProject\Obj\stm32l5xx_hal_flash.o
#        D:\work_arm_project\LedProject\LedProject\EWARM\LedProject\Obj\stm32l5xx_hal_flash_ramfunc.o
#        D:\work_arm_project\LedProject\LedProject\EWARM\LedProject\Obj\stm32l5xx_hal_gpio.o
#        D:\work_arm_project\LedProject\LedProject\EWARM\LedProject\Obj\stm32l5xx_hal_i2c.o
#        D:\work_arm_project\LedProject\LedProject\EWARM\LedProject\Obj\stm32l5xx_hal_i2c_ex.o
#        D:\work_arm_project\LedProject\LedProject\EWARM\LedProject\Obj\stm32l5xx_hal_icache.o
#        D:\work_arm_project\LedProject\LedProject\EWARM\LedProject\Obj\stm32l5xx_hal_msp.o
#        D:\work_arm_project\LedProject\LedProject\EWARM\LedProject\Obj\stm32l5xx_hal_pwr.o
#        D:\work_arm_project\LedProject\LedProject\EWARM\LedProject\Obj\stm32l5xx_hal_pwr_ex.o
#        D:\work_arm_project\LedProject\LedProject\EWARM\LedProject\Obj\stm32l5xx_hal_rcc.o
#        D:\work_arm_project\LedProject\LedProject\EWARM\LedProject\Obj\stm32l5xx_hal_rcc_ex.o
#        D:\work_arm_project\LedProject\LedProject\EWARM\LedProject\Obj\stm32l5xx_hal_tim.o
#        D:\work_arm_project\LedProject\LedProject\EWARM\LedProject\Obj\stm32l5xx_hal_tim_ex.o
#        D:\work_arm_project\LedProject\LedProject\EWARM\LedProject\Obj\stm32l5xx_it.o
#        D:\work_arm_project\LedProject\LedProject\EWARM\LedProject\Obj\system_stm32l5xx.o
#        --redirect _Printf=_PrintfFullNoMb --redirect _Scanf=_ScanfFullNoMb
#        --no_out_extension -o
#        D:\work_arm_project\LedProject\LedProject\EWARM\LedProject\Exe\LedProject.out
#        --map
#        D:\work_arm_project\LedProject\LedProject\EWARM\LedProject\List\LedProject.map
#        --config "C:\Program Files (x86)\IAR Systems\Embedded Workbench
#        8.2\arm\config\linker\ST\stm32l5xxxE.icf" --semihosting --entry
#        __iar_program_start --vfe --text_out locale)
#
###############################################################################

*******************************************************************************
*** RUNTIME MODEL ATTRIBUTES
***

CppFlavor       = *
__SystemLibrary = DLib
__dlib_version  = 6


*******************************************************************************
*** HEAP SELECTION
***

The basic heap was selected because no calls to memory allocation
functions were found in the application outside of system library
functions, and there are calls to deallocation functions in the
application.


*******************************************************************************
*** PLACEMENT SUMMARY
***

"A0":  place at 0x800'0000 { ro section .intvec };
"P1":  place in [from 0x800'0000 to 0x807'ffff] { ro };
define block CSTACK with size = 8K, alignment = 8 { };
define block PROC_STACK with size = 0M, alignment = 8 { };
define block HEAP with size = 8K, alignment = 8 { };
"P2":  place in [from 0x2000'0000 to 0x2002'ffff] |
                [from 0x2003'0000 to 0x2003'ffff] {
          rw, block CSTACK, block PROC_STACK, block HEAP };
initialize by copy { rw };

  Section            Kind         Address    Size  Object
  -------            ----         -------    ----  ------
"A0":                                       0x1f4
  .intvec            ro code   0x800'0000   0x1f4  startup_stm32l562xx.o [1]
                             - 0x800'01f4   0x1f4

"P1":                                      0x1d48
  .text              ro code   0x800'01f4   0xb00  stm32l5xx_hal_rcc.o [1]
  .text              ro code   0x800'0cf4    0x5c  stm32l5xx_hal.o [1]
  .text              ro code   0x800'0d50     0xc  stm32l5xx_hal.o [1]
  .text              ro code   0x800'0d5c    0xc8  stm32l5xx_hal_pwr_ex.o [1]
  .text              ro code   0x800'0e24   0x128  stm32l5xx_hal_cortex.o [1]
  .text              ro code   0x800'0f4c   0x586  stm32l5xx_hal_tim.o [1]
  .text              ro code   0x800'14d2    0x3a  zero_init3.o [4]
  .text              ro code   0x800'150c    0x9c  stm32l5xx_hal_msp.o [1]
  .text              ro code   0x800'15a8     0x2  stm32l5xx_hal_tim.o [1]
  .text              ro code   0x800'15aa     0x2  stm32l5xx_hal_tim.o [1]
  .text              ro code   0x800'15ac     0x2  stm32l5xx_hal_tim.o [1]
  .text              ro code   0x800'15ae     0x2  stm32l5xx_hal_tim.o [1]
  .text              ro code   0x800'15b0   0x230  main.o [1]
  .text              ro code   0x800'17e0     0x2  stm32l5xx_hal_tim_ex.o [1]
  .text              ro code   0x800'17e2     0x2  stm32l5xx_hal_tim_ex.o [1]
  .text              ro code   0x800'17e4     0x2  stm32l5xx_hal_tim.o [1]
  .text              ro code   0x800'17e6     0x2  stm32l5xx_hal_tim_ex.o [1]
  .text              ro code   0x800'17e8    0x26  stm32l5xx_hal.o [1]
  .text              ro code   0x800'1810     0x6  ABImemclr4.o [4]
  .text              ro code   0x800'1818    0xb4  stm32l5xx_hal_tim_ex.o [1]
  .text              ro code   0x800'18cc   0x208  stm32l5xx_hal_gpio.o [1]
  .text              ro code   0x800'1ad4    0xe4  system_stm32l5xx.o [1]
  .text              ro code   0x800'1bb8    0x32  ABImemset48.o [4]
  .rodata            const     0x800'1bec    0x40  system_stm32l5xx.o [1]
  .text              ro code   0x800'1c2c    0x34  stm32l5xx_it.o [1]
  .text              ro code   0x800'1c60    0x18  stm32l5xx_hal.o [1]
  .text              ro code   0x800'1c78    0x2c  copy_init3.o [4]
  .text              ro code   0x800'1ca4    0x28  data_init.o [4]
  .text              ro code   0x800'1ccc    0x22  fpinit_M.o [3]
  .iar.init_table    const     0x800'1cf0    0x24  - Linker created -
  .text              ro code   0x800'1d14    0x1e  cmain.o [4]
  .text              ro code   0x800'1d32     0x4  low_level_init.o [2]
  .text              ro code   0x800'1d36     0x4  exit.o [2]
  .text              ro code   0x800'1d3c     0xa  cexit.o [4]
  .text              ro code   0x800'1d48    0x14  exit.o [5]
  .rodata            const     0x800'1d5c    0x10  system_stm32l5xx.o [1]
  .text              ro code   0x800'1d6c    0x10  startup_stm32l562xx.o [1]
  .text              ro code   0x800'1d7c     0xc  cstartup_M.o [4]
  .text              ro code   0x800'1d88     0x4  startup_stm32l562xx.o [1]
  .text              ro code   0x800'1d8c     0x4  startup_stm32l562xx.o [1]
  .text              ro code   0x800'1d90     0x4  startup_stm32l562xx.o [1]
  .text              ro code   0x800'1d94     0x4  startup_stm32l562xx.o [1]
  .text              ro code   0x800'1d98     0x4  startup_stm32l562xx.o [1]
  .text              ro code   0x800'1d9c     0x4  startup_stm32l562xx.o [1]
  .text              ro code   0x800'1da0     0x4  startup_stm32l562xx.o [1]
  .text              ro code   0x800'1da4     0x4  startup_stm32l562xx.o [1]
  .text              ro code   0x800'1da8     0x4  startup_stm32l562xx.o [1]
  .text              ro code   0x800'1dac     0x4  startup_stm32l562xx.o [1]
  .text              ro code   0x800'1db0     0x4  startup_stm32l562xx.o [1]
  .text              ro code   0x800'1db4     0x4  startup_stm32l562xx.o [1]
  .text              ro code   0x800'1db8     0x4  startup_stm32l562xx.o [1]
  .text              ro code   0x800'1dbc     0x4  startup_stm32l562xx.o [1]
  .text              ro code   0x800'1dc0     0x4  startup_stm32l562xx.o [1]
  .text              ro code   0x800'1dc4     0x4  startup_stm32l562xx.o [1]
  .text              ro code   0x800'1dc8     0x4  startup_stm32l562xx.o [1]
  .text              ro code   0x800'1dcc     0x4  startup_stm32l562xx.o [1]
  .text              ro code   0x800'1dd0     0x4  startup_stm32l562xx.o [1]
  .text              ro code   0x800'1dd4     0x4  startup_stm32l562xx.o [1]
  .text              ro code   0x800'1dd8     0x4  startup_stm32l562xx.o [1]
  .text              ro code   0x800'1ddc     0x4  startup_stm32l562xx.o [1]
  .text              ro code   0x800'1de0     0x4  startup_stm32l562xx.o [1]
  .text              ro code   0x800'1de4     0x4  startup_stm32l562xx.o [1]
  .text              ro code   0x800'1de8     0x4  startup_stm32l562xx.o [1]
  .text              ro code   0x800'1dec     0x4  startup_stm32l562xx.o [1]
  .text              ro code   0x800'1df0     0x4  startup_stm32l562xx.o [1]
  .text              ro code   0x800'1df4     0x4  startup_stm32l562xx.o [1]
  .text              ro code   0x800'1df8     0x4  startup_stm32l562xx.o [1]
  .text              ro code   0x800'1dfc     0x4  startup_stm32l562xx.o [1]
  .text              ro code   0x800'1e00     0x4  startup_stm32l562xx.o [1]
  .text              ro code   0x800'1e04     0x4  startup_stm32l562xx.o [1]
  .text              ro code   0x800'1e08     0x4  startup_stm32l562xx.o [1]
  .text              ro code   0x800'1e0c     0x4  startup_stm32l562xx.o [1]
  .text              ro code   0x800'1e10     0x4  startup_stm32l562xx.o [1]
  .text              ro code   0x800'1e14     0x4  startup_stm32l562xx.o [1]
  .text              ro code   0x800'1e18     0x4  startup_stm32l562xx.o [1]
  .text              ro code   0x800'1e1c     0x4  startup_stm32l562xx.o [1]
  .text              ro code   0x800'1e20     0x4  startup_stm32l562xx.o [1]
  .text              ro code   0x800'1e24     0x4  startup_stm32l562xx.o [1]
  .text              ro code   0x800'1e28     0x4  startup_stm32l562xx.o [1]
  .text              ro code   0x800'1e2c     0x4  startup_stm32l562xx.o [1]
  .text              ro code   0x800'1e30     0x4  startup_stm32l562xx.o [1]
  .text              ro code   0x800'1e34     0x4  startup_stm32l562xx.o [1]
  .text              ro code   0x800'1e38     0x4  startup_stm32l562xx.o [1]
  .text              ro code   0x800'1e3c     0x4  startup_stm32l562xx.o [1]
  .text              ro code   0x800'1e40     0x4  startup_stm32l562xx.o [1]
  .text              ro code   0x800'1e44     0x4  startup_stm32l562xx.o [1]
  .text              ro code   0x800'1e48     0x4  startup_stm32l562xx.o [1]
  .text              ro code   0x800'1e4c     0x4  startup_stm32l562xx.o [1]
  .text              ro code   0x800'1e50     0x4  startup_stm32l562xx.o [1]
  .text              ro code   0x800'1e54     0x4  startup_stm32l562xx.o [1]
  .text              ro code   0x800'1e58     0x4  startup_stm32l562xx.o [1]
  .text              ro code   0x800'1e5c     0x4  startup_stm32l562xx.o [1]
  .text              ro code   0x800'1e60     0x4  startup_stm32l562xx.o [1]
  .text              ro code   0x800'1e64     0x4  startup_stm32l562xx.o [1]
  .text              ro code   0x800'1e68     0x4  startup_stm32l562xx.o [1]
  .text              ro code   0x800'1e6c     0x4  startup_stm32l562xx.o [1]
  .text              ro code   0x800'1e70     0x4  startup_stm32l562xx.o [1]
  .text              ro code   0x800'1e74     0x4  startup_stm32l562xx.o [1]
  .text              ro code   0x800'1e78     0x4  startup_stm32l562xx.o [1]
  .text              ro code   0x800'1e7c     0x4  startup_stm32l562xx.o [1]
  .text              ro code   0x800'1e80     0x4  startup_stm32l562xx.o [1]
  .text              ro code   0x800'1e84     0x4  startup_stm32l562xx.o [1]
  .text              ro code   0x800'1e88     0x4  startup_stm32l562xx.o [1]
  .text              ro code   0x800'1e8c     0x4  startup_stm32l562xx.o [1]
  .text              ro code   0x800'1e90     0x4  startup_stm32l562xx.o [1]
  .text              ro code   0x800'1e94     0x4  startup_stm32l562xx.o [1]
  .text              ro code   0x800'1e98     0x4  startup_stm32l562xx.o [1]
  .text              ro code   0x800'1e9c     0x4  startup_stm32l562xx.o [1]
  .text              ro code   0x800'1ea0     0x4  startup_stm32l562xx.o [1]
  .text              ro code   0x800'1ea4     0x4  startup_stm32l562xx.o [1]
  .text              ro code   0x800'1ea8     0x4  startup_stm32l562xx.o [1]
  .text              ro code   0x800'1eac     0x4  startup_stm32l562xx.o [1]
  .text              ro code   0x800'1eb0     0x4  startup_stm32l562xx.o [1]
  .text              ro code   0x800'1eb4     0x4  startup_stm32l562xx.o [1]
  .text              ro code   0x800'1eb8     0x4  startup_stm32l562xx.o [1]
  .text              ro code   0x800'1ebc     0x4  startup_stm32l562xx.o [1]
  .text              ro code   0x800'1ec0     0x4  startup_stm32l562xx.o [1]
  .text              ro code   0x800'1ec4     0x4  startup_stm32l562xx.o [1]
  .text              ro code   0x800'1ec8     0x4  startup_stm32l562xx.o [1]
  .text              ro code   0x800'1ecc     0x4  startup_stm32l562xx.o [1]
  .text              ro code   0x800'1ed0     0x4  startup_stm32l562xx.o [1]
  .text              ro code   0x800'1ed4     0x4  startup_stm32l562xx.o [1]
  .text              ro code   0x800'1ed8     0x4  startup_stm32l562xx.o [1]
  .text              ro code   0x800'1edc     0x4  startup_stm32l562xx.o [1]
  .text              ro code   0x800'1ee0     0x4  startup_stm32l562xx.o [1]
  .text              ro code   0x800'1ee4     0x4  startup_stm32l562xx.o [1]
  .text              ro code   0x800'1ee8     0x4  startup_stm32l562xx.o [1]
  .text              ro code   0x800'1eec     0x4  startup_stm32l562xx.o [1]
  .text              ro code   0x800'1ef0     0x4  startup_stm32l562xx.o [1]
  .text              ro code   0x800'1ef4     0x4  startup_stm32l562xx.o [1]
  .text              ro code   0x800'1ef8     0x4  startup_stm32l562xx.o [1]
  .text              ro code   0x800'1efc     0x4  startup_stm32l562xx.o [1]
  .text              ro code   0x800'1f00     0x4  startup_stm32l562xx.o [1]
  .text              ro code   0x800'1f04     0x4  startup_stm32l562xx.o [1]
  .text              ro code   0x800'1f08     0x4  startup_stm32l562xx.o [1]
  .text              ro code   0x800'1f0c     0x4  startup_stm32l562xx.o [1]
  .text              ro code   0x800'1f10     0x4  startup_stm32l562xx.o [1]
  .text              ro code   0x800'1f14     0x4  startup_stm32l562xx.o [1]
  .text              ro code   0x800'1f18     0x4  startup_stm32l562xx.o [1]
  .text              ro code   0x800'1f1c     0x4  startup_stm32l562xx.o [1]
  .text              ro code   0x800'1f20     0x4  startup_stm32l562xx.o [1]
  .text              ro code   0x800'1f24     0x4  startup_stm32l562xx.o [1]
  .text              ro code   0x800'1f28     0x4  startup_stm32l562xx.o [1]
  .text              ro code   0x800'1f2c     0x4  startup_stm32l562xx.o [1]
  .rodata            const     0x800'1f30     0x0  zero_init3.o [4]
  .rodata            const     0x800'1f30     0x0  copy_init3.o [4]
  Initializer bytes  const     0x800'1f30     0xc  <for P2 s0>
                             - 0x800'1f3c  0x1d48

"P2", part 1 of 3:                            0xc
  P2 s0                       0x2000'0000     0xc  <Init block>
    .data            inited   0x2000'0000     0x4  stm32l5xx_hal.o [1]
    .data            inited   0x2000'0004     0x4  system_stm32l5xx.o [1]
    .data            inited   0x2000'0008     0x1  stm32l5xx_hal.o [1]
                            - 0x2000'000c     0xc

"P2", part 2 of 3:                           0x9c
  .bss               zero     0x2000'000c    0x4c  main.o [1]
  .bss               zero     0x2000'0058    0x4c  main.o [1]
  .bss               zero     0x2000'00a4     0x4  stm32l5xx_hal.o [1]
                            - 0x2000'00a8    0x9c

"P2", part 3 of 3:                         0x2000
  CSTACK                      0x2000'00a8  0x2000  <Block>
    CSTACK           uninit   0x2000'00a8  0x2000  <Block tail>
                            - 0x2000'20a8  0x2000

Unused ranges:

         From           To      Size
         ----           --      ----
   0x800'1f3c   0x807'ffff  0x7'e0c4
  0x2000'20a8  0x2002'ffff  0x2'df58
  0x2003'0000  0x2003'ffff  0x1'0000


*******************************************************************************
*** INIT TABLE
***

          Address      Size
          -------      ----
Zero (__iar_zero_init3)
    1 destination range, total size 0x9c:
          0x2000'000c  0x9c

Copy (__iar_copy_init3)
    1 source range, total size 0xc (133% of destination):
           0x800'1f30   0xc
    1 destination range, total size 0x9:
          0x2000'0000   0x9



*******************************************************************************
*** MODULE SUMMARY
***

    Module                  ro code  ro data  rw data
    ------                  -------  -------  -------
command line/config:
    -------------------------------------------------
    Total:

D:\work_arm_project\LedProject\LedProject\EWARM\LedProject\Obj: [1]
    main.o                      560               152
    startup_stm32l562xx.o       940
    stm32l5xx_hal.o             166        5        9
    stm32l5xx_hal_cortex.o      296
    stm32l5xx_hal_gpio.o        520
    stm32l5xx_hal_msp.o         156
    stm32l5xx_hal_pwr_ex.o      200
    stm32l5xx_hal_rcc.o       2 816
    stm32l5xx_hal_tim.o       1 424
    stm32l5xx_hal_tim_ex.o      186
    stm32l5xx_it.o               52
    system_stm32l5xx.o          228       84        4
    -------------------------------------------------
    Total:                    7 544       89      165

dl7M_tln.a: [2]
    exit.o                        4
    low_level_init.o              4
    -------------------------------------------------
    Total:                        8

m7M_tls.a: [3]
    fpinit_M.o                   34
    -------------------------------------------------
    Total:                       34

rt7M_tl.a: [4]
    ABImemclr4.o                  6
    ABImemset48.o                50
    cexit.o                      10
    cmain.o                      30
    copy_init3.o                 44
    cstartup_M.o                 12
    data_init.o                  40
    zero_init3.o                 58
    -------------------------------------------------
    Total:                      250

shb_l.a: [5]
    exit.o                       20
    -------------------------------------------------
    Total:                       20

    Gaps                          8        4
    Linker created                        39    8 192
-----------------------------------------------------
    Grand Total:              7 864      132    8 357


*******************************************************************************
*** ENTRY LIST
***

Entry                       Address   Size  Type      Object
-----                       -------   ----  ----      ------
.iar.init_table$$Base    0x800'1cf0          --   Gb  - Linker created -
.iar.init_table$$Limit   0x800'1d14          --   Gb  - Linker created -
?main                    0x800'1d15         Code  Gb  cmain.o [4]
AHBPrescTable            0x800'1d5c   0x10  Data  Gb  system_stm32l5xx.o [1]
BusFault_Handler         0x800'1c33    0x2  Code  Gb  stm32l5xx_it.o [1]
CSTACK$$Base            0x2000'00a8          --   Gb  - Linker created -
CSTACK$$Limit           0x2000'20a8          --   Gb  - Linker created -
DebugMon_Handler         0x800'1c39    0x2  Code  Gb  stm32l5xx_it.o [1]
Error_Handler            0x800'17dd    0x4  Code  Gb  main.o [1]
HAL_GPIO_Init            0x800'18cd  0x1b2  Code  Gb  stm32l5xx_hal_gpio.o [1]
HAL_GPIO_TogglePin       0x800'1a91   0x14  Code  Gb  stm32l5xx_hal_gpio.o [1]
HAL_GPIO_WritePin        0x800'1a7f   0x12  Code  Gb  stm32l5xx_hal_gpio.o [1]
HAL_GetTick              0x800'0d51    0xc  Code  Wk  stm32l5xx_hal.o [1]
HAL_IncTick              0x800'1c61   0x18  Code  Wk  stm32l5xx_hal.o [1]
HAL_Init                 0x800'17e9   0x26  Code  Gb  stm32l5xx_hal.o [1]
HAL_InitTick             0x800'0cf5   0x5c  Code  Wk  stm32l5xx_hal.o [1]
HAL_MspInit              0x800'150d   0x30  Code  Gb  stm32l5xx_hal_msp.o [1]
HAL_NVIC_EnableIRQ       0x800'0f1b    0xa  Code  Gb  stm32l5xx_hal_cortex.o [1]
HAL_NVIC_SetPriority     0x800'0efb   0x20  Code  Gb  stm32l5xx_hal_cortex.o [1]
HAL_NVIC_SetPriorityGrouping
                         0x800'0ef3    0x8  Code  Gb  stm32l5xx_hal_cortex.o [1]
HAL_PWREx_ControlVoltageScaling
                         0x800'0d69   0x76  Code  Gb  stm32l5xx_hal_pwr_ex.o [1]
HAL_PWREx_DisableUCPDDeadBattery
                         0x800'0ddf    0xc  Code  Gb  stm32l5xx_hal_pwr_ex.o [1]
HAL_PWREx_GetVoltageRange
                         0x800'0d5d    0xc  Code  Gb  stm32l5xx_hal_pwr_ex.o [1]
HAL_PWREx_SMPS_GetEffectiveMode
                         0x800'0deb   0x1c  Code  Gb  stm32l5xx_hal_pwr_ex.o [1]
HAL_RCC_ClockConfig      0x800'0905  0x1c6  Code  Gb  stm32l5xx_hal_rcc.o [1]
HAL_RCC_GetHCLKFreq      0x800'0b95   0x1a  Code  Gb  stm32l5xx_hal_rcc.o [1]
HAL_RCC_GetSysClockFreq
                         0x800'0ad1   0xbe  Code  Gb  stm32l5xx_hal_rcc.o [1]
HAL_RCC_OscConfig        0x800'01f5  0x710  Code  Gb  stm32l5xx_hal_rcc.o [1]
HAL_SYSTICK_Config       0x800'0f25    0x8  Code  Gb  stm32l5xx_hal_cortex.o [1]
HAL_TIMEx_Break2Callback
                         0x800'17e3    0x2  Code  Wk  stm32l5xx_hal_tim_ex.o [1]
HAL_TIMEx_BreakCallback
                         0x800'17e1    0x2  Code  Wk  stm32l5xx_hal_tim_ex.o [1]
HAL_TIMEx_CommutCallback
                         0x800'17e7    0x2  Code  Wk  stm32l5xx_hal_tim_ex.o [1]
HAL_TIMEx_MasterConfigSynchronization
                         0x800'1819   0x9a  Code  Gb  stm32l5xx_hal_tim_ex.o [1]
HAL_TIM_Base_Init        0x800'0f4d   0x7a  Code  Gb  stm32l5xx_hal_tim.o [1]
HAL_TIM_Base_MspInit     0x800'153d   0x5e  Code  Gb  stm32l5xx_hal_msp.o [1]
HAL_TIM_Base_Start_IT    0x800'0fc7   0x94  Code  Gb  stm32l5xx_hal_tim.o [1]
HAL_TIM_ConfigClockSource
                         0x800'1285   0xf0  Code  Gb  stm32l5xx_hal_tim.o [1]
HAL_TIM_IRQHandler       0x800'10f1  0x194  Code  Gb  stm32l5xx_hal_tim.o [1]
HAL_TIM_OC_Init          0x800'105b   0x7a  Code  Gb  stm32l5xx_hal_tim.o [1]
HAL_TIM_PeriodElapsedCallback
                         0x800'1753   0x16  Code  Gb  main.o [1]
HardFault_Handler        0x800'1c2f    0x2  Code  Gb  stm32l5xx_it.o [1]
MSIRangeTable            0x800'1bec   0x40  Data  Gb  system_stm32l5xx.o [1]
MX_GPIO_Init             0x800'1769   0x5e  Code  Lc  main.o [1]
MX_TIM1_Init             0x800'164f   0x7e  Code  Lc  main.o [1]
MX_TIM2_Init             0x800'16cd   0x86  Code  Lc  main.o [1]
MemManage_Handler        0x800'1c31    0x2  Code  Gb  stm32l5xx_it.o [1]
NMI_Handler              0x800'1c2d    0x2  Code  Gb  stm32l5xx_it.o [1]
NVIC_EncodePriority      0x800'0e89   0x3c  Code  Lc  stm32l5xx_hal_cortex.o [1]
PendSV_Handler           0x800'1c3b    0x2  Code  Gb  stm32l5xx_it.o [1]
RCC_GetSysClockFreqFromPLLSource
                         0x800'0c55   0x6e  Code  Lc  stm32l5xx_hal_rcc.o [1]
RCC_SetFlashLatencyFromMSIRange
                         0x800'0bd5   0x80  Code  Lc  stm32l5xx_hal_rcc.o [1]
Region$$Table$$Base      0x800'1cf0          --   Gb  - Linker created -
Region$$Table$$Limit     0x800'1d14          --   Gb  - Linker created -
SVC_Handler              0x800'1c37    0x2  Code  Gb  stm32l5xx_it.o [1]
SysTick_Config           0x800'0ec5   0x2e  Code  Lc  stm32l5xx_hal_cortex.o [1]
SysTick_Handler          0x800'1c3d    0x8  Code  Gb  stm32l5xx_it.o [1]
SystemClock_Config       0x800'15cf   0x80  Code  Gb  main.o [1]
SystemCoreClock         0x2000'0004    0x4  Data  Gb  system_stm32l5xx.o [1]
SystemCoreClockUpdate    0x800'1ae1   0xb4  Code  Gb  system_stm32l5xx.o [1]
SystemInit               0x800'1ad5    0xc  Code  Gb  system_stm32l5xx.o [1]
TIM1_UP_IRQHandler       0x800'1c45    0xa  Code  Gb  stm32l5xx_it.o [1]
TIM2_IRQHandler          0x800'1c4f    0xa  Code  Gb  stm32l5xx_it.o [1]
TIM_Base_SetConfig       0x800'1375   0xc6  Code  Gb  stm32l5xx_hal_tim.o [1]
TIM_ETR_SetConfig        0x800'14bd   0x16  Code  Gb  stm32l5xx_hal_tim.o [1]
TIM_ITRx_SetConfig       0x800'1485   0x10  Code  Lc  stm32l5xx_hal_tim.o [1]
TIM_TI1_ConfigInputStage
                         0x800'143b   0x24  Code  Lc  stm32l5xx_hal_tim.o [1]
TIM_TI2_ConfigInputStage
                         0x800'145f   0x26  Code  Lc  stm32l5xx_hal_tim.o [1]
UsageFault_Handler       0x800'1c35    0x2  Code  Gb  stm32l5xx_it.o [1]
__NVIC_EnableIRQ         0x800'0e49   0x1c  Code  Lc  stm32l5xx_hal_cortex.o [1]
__NVIC_GetPriorityGrouping
                         0x800'0e3f    0xa  Code  Lc  stm32l5xx_hal_cortex.o [1]
__NVIC_SetPriority       0x800'0e65   0x24  Code  Lc  stm32l5xx_hal_cortex.o [1]
__NVIC_SetPriorityGrouping
                         0x800'0e25   0x1a  Code  Lc  stm32l5xx_hal_cortex.o [1]
__Vectors                0x800'0000          --   Gb  startup_stm32l562xx.o [1]
__Vectors_End            0x800'01f4         Data  Gb  startup_stm32l562xx.o [1]
__Vectors_Size {Abs}          0x1f4          --   Gb  startup_stm32l562xx.o [1]
__aeabi_memclr4          0x800'1811         Code  Gb  ABImemclr4.o [4]
__cmain                  0x800'1d15         Code  Gb  cmain.o [4]
__exit                   0x800'1d49   0x14  Code  Gb  exit.o [5]
__iar_Memset4_word       0x800'1bb9         Code  Gb  ABImemset48.o [4]
__iar_Memset8_word       0x800'1bb9         Code  Gb  ABImemset48.o [4]
__iar_copy_init3         0x800'1c79   0x2c  Code  Gb  copy_init3.o [4]
__iar_data_init3         0x800'1ca5   0x28  Code  Gb  data_init.o [4]
__iar_init_vfp           0x800'1ccd         Code  Gb  fpinit_M.o [3]
__iar_program_start      0x800'1d7d         Code  Gb  cstartup_M.o [4]
__iar_zero_init3         0x800'14d3   0x3a  Code  Gb  zero_init3.o [4]
__low_level_init         0x800'1d33    0x4  Code  Gb  low_level_init.o [2]
__vector_table           0x800'0000         Data  Gb  startup_stm32l562xx.o [1]
_call_main               0x800'1d21         Code  Gb  cmain.o [4]
_exit                    0x800'1d3d         Code  Gb  cexit.o [4]
_main                    0x800'1d2f         Code  Gb  cmain.o [4]
exit                     0x800'1d37    0x4  Code  Gb  exit.o [2]
htim1                   0x2000'000c   0x4c  Data  Gb  main.o [1]
htim2                   0x2000'0058   0x4c  Data  Gb  main.o [1]
main                     0x800'15b1   0x1e  Code  Gb  main.o [1]
uwTick                  0x2000'00a4    0x4  Data  Gb  stm32l5xx_hal.o [1]
uwTickFreq              0x2000'0008    0x1  Data  Gb  stm32l5xx_hal.o [1]
uwTickPrio              0x2000'0000    0x4  Data  Gb  stm32l5xx_hal.o [1]


[1] = D:\work_arm_project\LedProject\LedProject\EWARM\LedProject\Obj
[2] = dl7M_tln.a
[3] = m7M_tls.a
[4] = rt7M_tl.a
[5] = shb_l.a

  7 864 bytes of readonly  code memory
    132 bytes of readonly  data memory
  8 357 bytes of readwrite data memory

Errors: none
Warnings: none
