###############################################################################
#
# IAR ELF Linker V8.32.2.178/W32 for ARM                  23/Feb/2024  15:00:25
# Copyright 2007-2018 IAR Systems AB.
#
#    Output file  =  
#        D:\work_arm_project\LedProject\LedProject\EWARM\LedProject\Exe\LedProject.out
#    Map file     =  
#        D:\work_arm_project\LedProject\LedProject\EWARM\LedProject\List\LedProject.map
#    Command line =  
#        -f C:\Users\Alex\AppData\Local\Temp\EW13B6.tmp
#        (D:\work_arm_project\LedProject\LedProject\EWARM\LedProject\Obj\main.o
#        D:\work_arm_project\LedProject\LedProject\EWARM\LedProject\Obj\startup_stm32l562xx.o
#        D:\work_arm_project\LedProject\LedProject\EWARM\LedProject\Obj\stm32l5xx_hal.o
#        D:\work_arm_project\LedProject\LedProject\EWARM\LedProject\Obj\stm32l5xx_hal_cortex.o
#        D:\work_arm_project\LedProject\LedProject\EWARM\LedProject\Obj\stm32l5xx_hal_dma.o
#        D:\work_arm_project\LedProject\LedProject\EWARM\LedProject\Obj\stm32l5xx_hal_dma_ex.o
#        D:\work_arm_project\LedProject\LedProject\EWARM\LedProject\Obj\stm32l5xx_hal_exti.o
#        D:\work_arm_project\LedProject\LedProject\EWARM\LedProject\Obj\stm32l5xx_hal_flash.o
#        D:\work_arm_project\LedProject\LedProject\EWARM\LedProject\Obj\stm32l5xx_hal_flash_ramfunc.o
#        D:\work_arm_project\LedProject\LedProject\EWARM\LedProject\Obj\stm32l5xx_hal_gpio.o
#        D:\work_arm_project\LedProject\LedProject\EWARM\LedProject\Obj\stm32l5xx_hal_i2c.o
#        D:\work_arm_project\LedProject\LedProject\EWARM\LedProject\Obj\stm32l5xx_hal_i2c_ex.o
#        D:\work_arm_project\LedProject\LedProject\EWARM\LedProject\Obj\stm32l5xx_hal_icache.o
#        D:\work_arm_project\LedProject\LedProject\EWARM\LedProject\Obj\stm32l5xx_hal_msp.o
#        D:\work_arm_project\LedProject\LedProject\EWARM\LedProject\Obj\stm32l5xx_hal_pwr.o
#        D:\work_arm_project\LedProject\LedProject\EWARM\LedProject\Obj\stm32l5xx_hal_pwr_ex.o
#        D:\work_arm_project\LedProject\LedProject\EWARM\LedProject\Obj\stm32l5xx_hal_rcc.o
#        D:\work_arm_project\LedProject\LedProject\EWARM\LedProject\Obj\stm32l5xx_hal_rcc_ex.o
#        D:\work_arm_project\LedProject\LedProject\EWARM\LedProject\Obj\stm32l5xx_hal_tim.o
#        D:\work_arm_project\LedProject\LedProject\EWARM\LedProject\Obj\stm32l5xx_hal_tim_ex.o
#        D:\work_arm_project\LedProject\LedProject\EWARM\LedProject\Obj\stm32l5xx_it.o
#        D:\work_arm_project\LedProject\LedProject\EWARM\LedProject\Obj\system_stm32l5xx.o
#        --redirect _Printf=_PrintfFullNoMb --redirect _Scanf=_ScanfFullNoMb
#        --no_out_extension -o
#        D:\work_arm_project\LedProject\LedProject\EWARM\LedProject\Exe\LedProject.out
#        --map
#        D:\work_arm_project\LedProject\LedProject\EWARM\LedProject\List\LedProject.map
#        --config "C:\Program Files (x86)\IAR Systems\Embedded Workbench
#        8.2\arm\config\linker\ST\stm32l5xxxE.icf" --semihosting --entry
#        __iar_program_start --vfe --text_out locale)
#
###############################################################################

*******************************************************************************
*** RUNTIME MODEL ATTRIBUTES
***

CppFlavor       = *
__SystemLibrary = DLib
__dlib_version  = 6


*******************************************************************************
*** HEAP SELECTION
***

The basic heap was selected because no calls to memory allocation
functions were found in the application outside of system library
functions, and there are calls to deallocation functions in the
application.


*******************************************************************************
*** PLACEMENT SUMMARY
***

"A0":  place at 0x800'0000 { ro section .intvec };
"P1":  place in [from 0x800'0000 to 0x807'ffff] { ro };
define block CSTACK with size = 8K, alignment = 8 { };
define block PROC_STACK with size = 0M, alignment = 8 { };
define block HEAP with size = 8K, alignment = 8 { };
"P2":  place in [from 0x2000'0000 to 0x2002'ffff] |
                [from 0x2003'0000 to 0x2003'ffff] {
          rw, block CSTACK, block PROC_STACK, block HEAP };
initialize by copy { rw };

  Section            Kind         Address    Size  Object
  -------            ----         -------    ----  ------
"A0":                                       0x1f4
  .intvec            ro code   0x800'0000   0x1f4  startup_stm32l562xx.o [1]
                             - 0x800'01f4   0x1f4

"P1":                                      0x22d8
  .text              ro code   0x800'01f4   0xb20  stm32l5xx_hal_tim.o [1]
  .text              ro code   0x800'0d14    0x9c  stm32l5xx_hal_msp.o [1]
  .text              ro code   0x800'0db0     0x2  stm32l5xx_hal_tim.o [1]
  .text              ro code   0x800'0db2     0x2  stm32l5xx_hal_tim.o [1]
  .text              ro code   0x800'0db4     0x2  stm32l5xx_hal_tim.o [1]
  .text              ro code   0x800'0db6     0x2  stm32l5xx_hal_tim.o [1]
  .text              ro code   0x800'0db8     0x2  stm32l5xx_hal_tim.o [1]
  .text              ro code   0x800'0dba    0x3a  zero_init3.o [4]
  .text              ro code   0x800'0df4   0x224  main.o [1]
  .text              ro code   0x800'1018     0x2  stm32l5xx_hal_tim_ex.o [1]
  .text              ro code   0x800'101a     0x2  stm32l5xx_hal_tim_ex.o [1]
  .text              ro code   0x800'101c     0x2  stm32l5xx_hal_tim.o [1]
  .text              ro code   0x800'101e     0x2  stm32l5xx_hal_tim_ex.o [1]
  .text              ro code   0x800'1020    0xc8  stm32l5xx_hal_pwr_ex.o [1]
  .text              ro code   0x800'10e8   0x128  stm32l5xx_hal_cortex.o [1]
  .text              ro code   0x800'1210    0x26  stm32l5xx_hal.o [1]
  .text              ro code   0x800'1238     0x6  ABImemclr4.o [4]
  .text              ro code   0x800'1240   0xb00  stm32l5xx_hal_rcc.o [1]
  .text              ro code   0x800'1d40    0xb4  stm32l5xx_hal_tim_ex.o [1]
  .text              ro code   0x800'1df4   0x208  stm32l5xx_hal_gpio.o [1]
  .text              ro code   0x800'1ffc    0xe4  system_stm32l5xx.o [1]
  .text              ro code   0x800'20e0    0x5c  stm32l5xx_hal.o [1]
  .text              ro code   0x800'213c    0x32  ABImemset48.o [4]
  .text              ro code   0x800'2170     0xc  stm32l5xx_hal.o [1]
  .rodata            const     0x800'217c    0x40  system_stm32l5xx.o [1]
  .text              ro code   0x800'21bc    0x34  stm32l5xx_it.o [1]
  .text              ro code   0x800'21f0    0x18  stm32l5xx_hal.o [1]
  .text              ro code   0x800'2208    0x2c  copy_init3.o [4]
  .text              ro code   0x800'2234    0x28  data_init.o [4]
  .text              ro code   0x800'225c    0x22  fpinit_M.o [3]
  .iar.init_table    const     0x800'2280    0x24  - Linker created -
  .text              ro code   0x800'22a4    0x1e  cmain.o [4]
  .text              ro code   0x800'22c2     0x4  low_level_init.o [2]
  .text              ro code   0x800'22c6     0x4  exit.o [2]
  .text              ro code   0x800'22cc     0xa  cexit.o [4]
  .text              ro code   0x800'22d8    0x14  exit.o [5]
  .rodata            const     0x800'22ec    0x10  system_stm32l5xx.o [1]
  .text              ro code   0x800'22fc    0x10  startup_stm32l562xx.o [1]
  .text              ro code   0x800'230c     0xc  cstartup_M.o [4]
  .text              ro code   0x800'2318     0x4  startup_stm32l562xx.o [1]
  .text              ro code   0x800'231c     0x4  startup_stm32l562xx.o [1]
  .text              ro code   0x800'2320     0x4  startup_stm32l562xx.o [1]
  .text              ro code   0x800'2324     0x4  startup_stm32l562xx.o [1]
  .text              ro code   0x800'2328     0x4  startup_stm32l562xx.o [1]
  .text              ro code   0x800'232c     0x4  startup_stm32l562xx.o [1]
  .text              ro code   0x800'2330     0x4  startup_stm32l562xx.o [1]
  .text              ro code   0x800'2334     0x4  startup_stm32l562xx.o [1]
  .text              ro code   0x800'2338     0x4  startup_stm32l562xx.o [1]
  .text              ro code   0x800'233c     0x4  startup_stm32l562xx.o [1]
  .text              ro code   0x800'2340     0x4  startup_stm32l562xx.o [1]
  .text              ro code   0x800'2344     0x4  startup_stm32l562xx.o [1]
  .text              ro code   0x800'2348     0x4  startup_stm32l562xx.o [1]
  .text              ro code   0x800'234c     0x4  startup_stm32l562xx.o [1]
  .text              ro code   0x800'2350     0x4  startup_stm32l562xx.o [1]
  .text              ro code   0x800'2354     0x4  startup_stm32l562xx.o [1]
  .text              ro code   0x800'2358     0x4  startup_stm32l562xx.o [1]
  .text              ro code   0x800'235c     0x4  startup_stm32l562xx.o [1]
  .text              ro code   0x800'2360     0x4  startup_stm32l562xx.o [1]
  .text              ro code   0x800'2364     0x4  startup_stm32l562xx.o [1]
  .text              ro code   0x800'2368     0x4  startup_stm32l562xx.o [1]
  .text              ro code   0x800'236c     0x4  startup_stm32l562xx.o [1]
  .text              ro code   0x800'2370     0x4  startup_stm32l562xx.o [1]
  .text              ro code   0x800'2374     0x4  startup_stm32l562xx.o [1]
  .text              ro code   0x800'2378     0x4  startup_stm32l562xx.o [1]
  .text              ro code   0x800'237c     0x4  startup_stm32l562xx.o [1]
  .text              ro code   0x800'2380     0x4  startup_stm32l562xx.o [1]
  .text              ro code   0x800'2384     0x4  startup_stm32l562xx.o [1]
  .text              ro code   0x800'2388     0x4  startup_stm32l562xx.o [1]
  .text              ro code   0x800'238c     0x4  startup_stm32l562xx.o [1]
  .text              ro code   0x800'2390     0x4  startup_stm32l562xx.o [1]
  .text              ro code   0x800'2394     0x4  startup_stm32l562xx.o [1]
  .text              ro code   0x800'2398     0x4  startup_stm32l562xx.o [1]
  .text              ro code   0x800'239c     0x4  startup_stm32l562xx.o [1]
  .text              ro code   0x800'23a0     0x4  startup_stm32l562xx.o [1]
  .text              ro code   0x800'23a4     0x4  startup_stm32l562xx.o [1]
  .text              ro code   0x800'23a8     0x4  startup_stm32l562xx.o [1]
  .text              ro code   0x800'23ac     0x4  startup_stm32l562xx.o [1]
  .text              ro code   0x800'23b0     0x4  startup_stm32l562xx.o [1]
  .text              ro code   0x800'23b4     0x4  startup_stm32l562xx.o [1]
  .text              ro code   0x800'23b8     0x4  startup_stm32l562xx.o [1]
  .text              ro code   0x800'23bc     0x4  startup_stm32l562xx.o [1]
  .text              ro code   0x800'23c0     0x4  startup_stm32l562xx.o [1]
  .text              ro code   0x800'23c4     0x4  startup_stm32l562xx.o [1]
  .text              ro code   0x800'23c8     0x4  startup_stm32l562xx.o [1]
  .text              ro code   0x800'23cc     0x4  startup_stm32l562xx.o [1]
  .text              ro code   0x800'23d0     0x4  startup_stm32l562xx.o [1]
  .text              ro code   0x800'23d4     0x4  startup_stm32l562xx.o [1]
  .text              ro code   0x800'23d8     0x4  startup_stm32l562xx.o [1]
  .text              ro code   0x800'23dc     0x4  startup_stm32l562xx.o [1]
  .text              ro code   0x800'23e0     0x4  startup_stm32l562xx.o [1]
  .text              ro code   0x800'23e4     0x4  startup_stm32l562xx.o [1]
  .text              ro code   0x800'23e8     0x4  startup_stm32l562xx.o [1]
  .text              ro code   0x800'23ec     0x4  startup_stm32l562xx.o [1]
  .text              ro code   0x800'23f0     0x4  startup_stm32l562xx.o [1]
  .text              ro code   0x800'23f4     0x4  startup_stm32l562xx.o [1]
  .text              ro code   0x800'23f8     0x4  startup_stm32l562xx.o [1]
  .text              ro code   0x800'23fc     0x4  startup_stm32l562xx.o [1]
  .text              ro code   0x800'2400     0x4  startup_stm32l562xx.o [1]
  .text              ro code   0x800'2404     0x4  startup_stm32l562xx.o [1]
  .text              ro code   0x800'2408     0x4  startup_stm32l562xx.o [1]
  .text              ro code   0x800'240c     0x4  startup_stm32l562xx.o [1]
  .text              ro code   0x800'2410     0x4  startup_stm32l562xx.o [1]
  .text              ro code   0x800'2414     0x4  startup_stm32l562xx.o [1]
  .text              ro code   0x800'2418     0x4  startup_stm32l562xx.o [1]
  .text              ro code   0x800'241c     0x4  startup_stm32l562xx.o [1]
  .text              ro code   0x800'2420     0x4  startup_stm32l562xx.o [1]
  .text              ro code   0x800'2424     0x4  startup_stm32l562xx.o [1]
  .text              ro code   0x800'2428     0x4  startup_stm32l562xx.o [1]
  .text              ro code   0x800'242c     0x4  startup_stm32l562xx.o [1]
  .text              ro code   0x800'2430     0x4  startup_stm32l562xx.o [1]
  .text              ro code   0x800'2434     0x4  startup_stm32l562xx.o [1]
  .text              ro code   0x800'2438     0x4  startup_stm32l562xx.o [1]
  .text              ro code   0x800'243c     0x4  startup_stm32l562xx.o [1]
  .text              ro code   0x800'2440     0x4  startup_stm32l562xx.o [1]
  .text              ro code   0x800'2444     0x4  startup_stm32l562xx.o [1]
  .text              ro code   0x800'2448     0x4  startup_stm32l562xx.o [1]
  .text              ro code   0x800'244c     0x4  startup_stm32l562xx.o [1]
  .text              ro code   0x800'2450     0x4  startup_stm32l562xx.o [1]
  .text              ro code   0x800'2454     0x4  startup_stm32l562xx.o [1]
  .text              ro code   0x800'2458     0x4  startup_stm32l562xx.o [1]
  .text              ro code   0x800'245c     0x4  startup_stm32l562xx.o [1]
  .text              ro code   0x800'2460     0x4  startup_stm32l562xx.o [1]
  .text              ro code   0x800'2464     0x4  startup_stm32l562xx.o [1]
  .text              ro code   0x800'2468     0x4  startup_stm32l562xx.o [1]
  .text              ro code   0x800'246c     0x4  startup_stm32l562xx.o [1]
  .text              ro code   0x800'2470     0x4  startup_stm32l562xx.o [1]
  .text              ro code   0x800'2474     0x4  startup_stm32l562xx.o [1]
  .text              ro code   0x800'2478     0x4  startup_stm32l562xx.o [1]
  .text              ro code   0x800'247c     0x4  startup_stm32l562xx.o [1]
  .text              ro code   0x800'2480     0x4  startup_stm32l562xx.o [1]
  .text              ro code   0x800'2484     0x4  startup_stm32l562xx.o [1]
  .text              ro code   0x800'2488     0x4  startup_stm32l562xx.o [1]
  .text              ro code   0x800'248c     0x4  startup_stm32l562xx.o [1]
  .text              ro code   0x800'2490     0x4  startup_stm32l562xx.o [1]
  .text              ro code   0x800'2494     0x4  startup_stm32l562xx.o [1]
  .text              ro code   0x800'2498     0x4  startup_stm32l562xx.o [1]
  .text              ro code   0x800'249c     0x4  startup_stm32l562xx.o [1]
  .text              ro code   0x800'24a0     0x4  startup_stm32l562xx.o [1]
  .text              ro code   0x800'24a4     0x4  startup_stm32l562xx.o [1]
  .text              ro code   0x800'24a8     0x4  startup_stm32l562xx.o [1]
  .text              ro code   0x800'24ac     0x4  startup_stm32l562xx.o [1]
  .text              ro code   0x800'24b0     0x4  startup_stm32l562xx.o [1]
  .text              ro code   0x800'24b4     0x4  startup_stm32l562xx.o [1]
  .text              ro code   0x800'24b8     0x4  startup_stm32l562xx.o [1]
  .text              ro code   0x800'24bc     0x4  startup_stm32l562xx.o [1]
  .rodata            const     0x800'24c0     0x0  zero_init3.o [4]
  .rodata            const     0x800'24c0     0x0  copy_init3.o [4]
  Initializer bytes  const     0x800'24c0     0xc  <for P2 s0>
                             - 0x800'24cc  0x22d8

"P2", part 1 of 3:                            0xc
  P2 s0                       0x2000'0000     0xc  <Init block>
    .data            inited   0x2000'0000     0x4  stm32l5xx_hal.o [1]
    .data            inited   0x2000'0004     0x4  system_stm32l5xx.o [1]
    .data            inited   0x2000'0008     0x1  stm32l5xx_hal.o [1]
                            - 0x2000'000c     0xc

"P2", part 2 of 3:                           0x9c
  .bss               zero     0x2000'000c    0x4c  main.o [1]
  .bss               zero     0x2000'0058    0x4c  main.o [1]
  .bss               zero     0x2000'00a4     0x4  stm32l5xx_hal.o [1]
                            - 0x2000'00a8    0x9c

"P2", part 3 of 3:                         0x2000
  CSTACK                      0x2000'00a8  0x2000  <Block>
    CSTACK           uninit   0x2000'00a8  0x2000  <Block tail>
                            - 0x2000'20a8  0x2000

Unused ranges:

         From           To      Size
         ----           --      ----
   0x800'24cc   0x807'ffff  0x7'db34
  0x2000'20a8  0x2002'ffff  0x2'df58
  0x2003'0000  0x2003'ffff  0x1'0000


*******************************************************************************
*** INIT TABLE
***

          Address      Size
          -------      ----
Zero (__iar_zero_init3)
    1 destination range, total size 0x9c:
          0x2000'000c  0x9c

Copy (__iar_copy_init3)
    1 source range, total size 0xc (133% of destination):
           0x800'24c0   0xc
    1 destination range, total size 0x9:
          0x2000'0000   0x9



*******************************************************************************
*** MODULE SUMMARY
***

    Module                  ro code  ro data  rw data
    ------                  -------  -------  -------
command line/config:
    -------------------------------------------------
    Total:

D:\work_arm_project\LedProject\LedProject\EWARM\LedProject\Obj: [1]
    main.o                      548               152
    startup_stm32l562xx.o       940
    stm32l5xx_hal.o             166        5        9
    stm32l5xx_hal_cortex.o      296
    stm32l5xx_hal_gpio.o        520
    stm32l5xx_hal_msp.o         156
    stm32l5xx_hal_pwr_ex.o      200
    stm32l5xx_hal_rcc.o       2 816
    stm32l5xx_hal_tim.o       2 860
    stm32l5xx_hal_tim_ex.o      186
    stm32l5xx_it.o               52
    system_stm32l5xx.o          228       84        4
    -------------------------------------------------
    Total:                    8 968       89      165

dl7M_tln.a: [2]
    exit.o                        4
    low_level_init.o              4
    -------------------------------------------------
    Total:                        8

m7M_tls.a: [3]
    fpinit_M.o                   34
    -------------------------------------------------
    Total:                       34

rt7M_tl.a: [4]
    ABImemclr4.o                  6
    ABImemset48.o                50
    cexit.o                      10
    cmain.o                      30
    copy_init3.o                 44
    cstartup_M.o                 12
    data_init.o                  40
    zero_init3.o                 58
    -------------------------------------------------
    Total:                      250

shb_l.a: [5]
    exit.o                       20
    -------------------------------------------------
    Total:                       20

    Gaps                         10        2
    Linker created                        39    8 192
-----------------------------------------------------
    Grand Total:              9 290      130    8 357


*******************************************************************************
*** ENTRY LIST
***

Entry                       Address   Size  Type      Object
-----                       -------   ----  ----      ------
.iar.init_table$$Base    0x800'2280          --   Gb  - Linker created -
.iar.init_table$$Limit   0x800'22a4          --   Gb  - Linker created -
?main                    0x800'22a5         Code  Gb  cmain.o [4]
AHBPrescTable            0x800'22ec   0x10  Data  Gb  system_stm32l5xx.o [1]
BusFault_Handler         0x800'21c3    0x2  Code  Gb  stm32l5xx_it.o [1]
CSTACK$$Base            0x2000'00a8          --   Gb  - Linker created -
CSTACK$$Limit           0x2000'20a8          --   Gb  - Linker created -
DebugMon_Handler         0x800'21c9    0x2  Code  Gb  stm32l5xx_it.o [1]
Error_Handler            0x800'1015    0x4  Code  Gb  main.o [1]
HAL_GPIO_Init            0x800'1df5  0x1b2  Code  Gb  stm32l5xx_hal_gpio.o [1]
HAL_GPIO_TogglePin       0x800'1fb9   0x14  Code  Gb  stm32l5xx_hal_gpio.o [1]
HAL_GPIO_WritePin        0x800'1fa7   0x12  Code  Gb  stm32l5xx_hal_gpio.o [1]
HAL_GetTick              0x800'2171    0xc  Code  Wk  stm32l5xx_hal.o [1]
HAL_IncTick              0x800'21f1   0x18  Code  Wk  stm32l5xx_hal.o [1]
HAL_Init                 0x800'1211   0x26  Code  Gb  stm32l5xx_hal.o [1]
HAL_InitTick             0x800'20e1   0x5c  Code  Wk  stm32l5xx_hal.o [1]
HAL_MspInit              0x800'0d15   0x30  Code  Gb  stm32l5xx_hal_msp.o [1]
HAL_NVIC_EnableIRQ       0x800'11df    0xa  Code  Gb  stm32l5xx_hal_cortex.o [1]
HAL_NVIC_SetPriority     0x800'11bf   0x20  Code  Gb  stm32l5xx_hal_cortex.o [1]
HAL_NVIC_SetPriorityGrouping
                         0x800'11b7    0x8  Code  Gb  stm32l5xx_hal_cortex.o [1]
HAL_PWREx_ControlVoltageScaling
                         0x800'102d   0x76  Code  Gb  stm32l5xx_hal_pwr_ex.o [1]
HAL_PWREx_DisableUCPDDeadBattery
                         0x800'10a3    0xc  Code  Gb  stm32l5xx_hal_pwr_ex.o [1]
HAL_PWREx_GetVoltageRange
                         0x800'1021    0xc  Code  Gb  stm32l5xx_hal_pwr_ex.o [1]
HAL_PWREx_SMPS_GetEffectiveMode
                         0x800'10af   0x1c  Code  Gb  stm32l5xx_hal_pwr_ex.o [1]
HAL_RCC_ClockConfig      0x800'1951  0x1c6  Code  Gb  stm32l5xx_hal_rcc.o [1]
HAL_RCC_GetHCLKFreq      0x800'1be1   0x1a  Code  Gb  stm32l5xx_hal_rcc.o [1]
HAL_RCC_GetSysClockFreq
                         0x800'1b1d   0xbe  Code  Gb  stm32l5xx_hal_rcc.o [1]
HAL_RCC_OscConfig        0x800'1241  0x710  Code  Gb  stm32l5xx_hal_rcc.o [1]
HAL_SYSTICK_Config       0x800'11e9    0x8  Code  Gb  stm32l5xx_hal_cortex.o [1]
HAL_TIMEx_Break2Callback
                         0x800'101b    0x2  Code  Wk  stm32l5xx_hal_tim_ex.o [1]
HAL_TIMEx_BreakCallback
                         0x800'1019    0x2  Code  Wk  stm32l5xx_hal_tim_ex.o [1]
HAL_TIMEx_CommutCallback
                         0x800'101f    0x2  Code  Wk  stm32l5xx_hal_tim_ex.o [1]
HAL_TIMEx_MasterConfigSynchronization
                         0x800'1d41   0x9a  Code  Gb  stm32l5xx_hal_tim_ex.o [1]
HAL_TIM_Base_Init        0x800'01f5   0x7a  Code  Gb  stm32l5xx_hal_tim.o [1]
HAL_TIM_Base_MspInit     0x800'0d45   0x5e  Code  Gb  stm32l5xx_hal_msp.o [1]
HAL_TIM_ConfigClockSource
                         0x800'07cd   0xf0  Code  Gb  stm32l5xx_hal_tim.o [1]
HAL_TIM_IRQHandler       0x800'04dd  0x194  Code  Gb  stm32l5xx_hal_tim.o [1]
HAL_TIM_OC_Init          0x800'026f   0x7a  Code  Gb  stm32l5xx_hal_tim.o [1]
HAL_TIM_PWM_ConfigChannel
                         0x800'0671  0x15c  Code  Gb  stm32l5xx_hal_tim.o [1]
HAL_TIM_PWM_Init         0x800'02e9   0x7a  Code  Gb  stm32l5xx_hal_tim.o [1]
HAL_TIM_PWM_Start        0x800'0363  0x154  Code  Gb  stm32l5xx_hal_tim.o [1]
HAL_TIM_PeriodElapsedCallback
                         0x800'0f8d   0x16  Code  Gb  main.o [1]
HardFault_Handler        0x800'21bf    0x2  Code  Gb  stm32l5xx_it.o [1]
MSIRangeTable            0x800'217c   0x40  Data  Gb  system_stm32l5xx.o [1]
MX_GPIO_Init             0x800'0fa3   0x5e  Code  Lc  main.o [1]
MX_TIM1_Init             0x800'0e95   0x72  Code  Lc  main.o [1]
MX_TIM2_Init             0x800'0f07   0x86  Code  Lc  main.o [1]
MemManage_Handler        0x800'21c1    0x2  Code  Gb  stm32l5xx_it.o [1]
NMI_Handler              0x800'21bd    0x2  Code  Gb  stm32l5xx_it.o [1]
NVIC_EncodePriority      0x800'114d   0x3c  Code  Lc  stm32l5xx_hal_cortex.o [1]
PendSV_Handler           0x800'21cb    0x2  Code  Gb  stm32l5xx_it.o [1]
RCC_GetSysClockFreqFromPLLSource
                         0x800'1ca1   0x6e  Code  Lc  stm32l5xx_hal_rcc.o [1]
RCC_SetFlashLatencyFromMSIRange
                         0x800'1c21   0x80  Code  Lc  stm32l5xx_hal_rcc.o [1]
Region$$Table$$Base      0x800'2280          --   Gb  - Linker created -
Region$$Table$$Limit     0x800'22a4          --   Gb  - Linker created -
SVC_Handler              0x800'21c7    0x2  Code  Gb  stm32l5xx_it.o [1]
SysTick_Config           0x800'1189   0x2e  Code  Lc  stm32l5xx_hal_cortex.o [1]
SysTick_Handler          0x800'21cd    0x8  Code  Gb  stm32l5xx_it.o [1]
SystemClock_Config       0x800'0e15   0x80  Code  Gb  main.o [1]
SystemCoreClock         0x2000'0004    0x4  Data  Gb  system_stm32l5xx.o [1]
SystemCoreClockUpdate    0x800'2009   0xb4  Code  Gb  system_stm32l5xx.o [1]
SystemInit               0x800'1ffd    0xc  Code  Gb  system_stm32l5xx.o [1]
TIM1_UP_IRQHandler       0x800'21d5    0xa  Code  Gb  stm32l5xx_it.o [1]
TIM2_IRQHandler          0x800'21df    0xa  Code  Gb  stm32l5xx_it.o [1]
TIM_Base_SetConfig       0x800'08bd   0xc6  Code  Gb  stm32l5xx_hal_tim.o [1]
TIM_CCxChannelCmd        0x800'0cef   0x26  Code  Gb  stm32l5xx_hal_tim.o [1]
TIM_ETR_SetConfig        0x800'0cd9   0x16  Code  Gb  stm32l5xx_hal_tim.o [1]
TIM_ITRx_SetConfig       0x800'0c97   0x10  Code  Lc  stm32l5xx_hal_tim.o [1]
TIM_OC1_SetConfig        0x800'0983   0x9c  Code  Lc  stm32l5xx_hal_tim.o [1]
TIM_OC2_SetConfig        0x800'0a1f   0x8e  Code  Gb  stm32l5xx_hal_tim.o [1]
TIM_OC3_SetConfig        0x800'0aaf   0x8c  Code  Lc  stm32l5xx_hal_tim.o [1]
TIM_OC4_SetConfig        0x800'0b3b   0x60  Code  Lc  stm32l5xx_hal_tim.o [1]
TIM_OC5_SetConfig        0x800'0b9b   0x58  Code  Lc  stm32l5xx_hal_tim.o [1]
TIM_OC6_SetConfig        0x800'0bf3   0x5a  Code  Lc  stm32l5xx_hal_tim.o [1]
TIM_TI1_ConfigInputStage
                         0x800'0c4d   0x24  Code  Lc  stm32l5xx_hal_tim.o [1]
TIM_TI2_ConfigInputStage
                         0x800'0c71   0x26  Code  Lc  stm32l5xx_hal_tim.o [1]
UsageFault_Handler       0x800'21c5    0x2  Code  Gb  stm32l5xx_it.o [1]
__NVIC_EnableIRQ         0x800'110d   0x1c  Code  Lc  stm32l5xx_hal_cortex.o [1]
__NVIC_GetPriorityGrouping
                         0x800'1103    0xa  Code  Lc  stm32l5xx_hal_cortex.o [1]
__NVIC_SetPriority       0x800'1129   0x24  Code  Lc  stm32l5xx_hal_cortex.o [1]
__NVIC_SetPriorityGrouping
                         0x800'10e9   0x1a  Code  Lc  stm32l5xx_hal_cortex.o [1]
__Vectors                0x800'0000          --   Gb  startup_stm32l562xx.o [1]
__Vectors_End            0x800'01f4         Data  Gb  startup_stm32l562xx.o [1]
__Vectors_Size {Abs}          0x1f4          --   Gb  startup_stm32l562xx.o [1]
__aeabi_memclr4          0x800'1239         Code  Gb  ABImemclr4.o [4]
__cmain                  0x800'22a5         Code  Gb  cmain.o [4]
__exit                   0x800'22d9   0x14  Code  Gb  exit.o [5]
__iar_Memset4_word       0x800'213d         Code  Gb  ABImemset48.o [4]
__iar_Memset8_word       0x800'213d         Code  Gb  ABImemset48.o [4]
__iar_copy_init3         0x800'2209   0x2c  Code  Gb  copy_init3.o [4]
__iar_data_init3         0x800'2235   0x28  Code  Gb  data_init.o [4]
__iar_init_vfp           0x800'225d         Code  Gb  fpinit_M.o [3]
__iar_program_start      0x800'230d         Code  Gb  cstartup_M.o [4]
__iar_zero_init3         0x800'0dbb   0x3a  Code  Gb  zero_init3.o [4]
__low_level_init         0x800'22c3    0x4  Code  Gb  low_level_init.o [2]
__vector_table           0x800'0000         Data  Gb  startup_stm32l562xx.o [1]
_call_main               0x800'22b1         Code  Gb  cmain.o [4]
_exit                    0x800'22cd         Code  Gb  cexit.o [4]
_main                    0x800'22bf         Code  Gb  cmain.o [4]
exit                     0x800'22c7    0x4  Code  Gb  exit.o [2]
htim1                   0x2000'000c   0x4c  Data  Gb  main.o [1]
htim2                   0x2000'0058   0x4c  Data  Gb  main.o [1]
main                     0x800'0df5   0x20  Code  Gb  main.o [1]
uwTick                  0x2000'00a4    0x4  Data  Gb  stm32l5xx_hal.o [1]
uwTickFreq              0x2000'0008    0x1  Data  Gb  stm32l5xx_hal.o [1]
uwTickPrio              0x2000'0000    0x4  Data  Gb  stm32l5xx_hal.o [1]


[1] = D:\work_arm_project\LedProject\LedProject\EWARM\LedProject\Obj
[2] = dl7M_tln.a
[3] = m7M_tls.a
[4] = rt7M_tl.a
[5] = shb_l.a

  9 290 bytes of readonly  code memory
    130 bytes of readonly  data memory
  8 357 bytes of readwrite data memory

Errors: none
Warnings: none
